
> orion-hq@0.1.0 build
> next build

▲ Next.js 16.3.6 (Turbopack)
✓ Running next.config.mjs took 41ms

  Creating an optimized production build ...
✓ Compiled successfully in 767ms
  Running TypeScript ...
  Finished TypeScript in 4.5s ...
  Collecting page data using 1 worker ...
  Generating static pages using 1 worker (0/6) ...
  Generating static pages using 1 worker (1/6) 
  Generating static pages using 1 worker (2/6) 
  Generating static pages using 1 worker (4/6) 
✓ Generating static pages using 1 worker (6/6) in 558ms
  Finalizing page optimization ...

Route (app)
┌ ○ /
├ ○ /_not-found
├ ○ /chat
├ ○ /escritorio
└ ○ /login


○  (Static)  prerendered as static content

